// Jest Snapshot v1, https://goo.gl/fbAQLP

exports[`should be delete a movie 1`] = `
{
  "DeleteMovie": {
    "deletedId": "ObjectId",
    "error": "EMPTY",
  },
}
`;

exports[`should not be delete a movie with invalid id 1`] = `
{
  "DeleteMovie": "EMPTY",
}
`;

exports[`should not be delete a movie without auth 1`] = `
{
  "DeleteMovie": "EMPTY",
}
`;

exports[`should not be delete a movie without id input 1`] = `undefined`;
