// Jest Snapshot v1, https://goo.gl/fbAQLP

exports[`should be return all movies 1`] = `
{
  "movies": {
    "edges": [
      {
        "node": {
          "title": "content#0",
        },
      },
    ],
  },
}
`;

exports[`should be return an empty movies list 1`] = `
{
  "movies": {
    "edges": [],
  },
}
`;
