// Jest Snapshot v1, https://goo.gl/fbAQLP

exports[`should not be register a user with incomplete input 1`] = `undefined`;

exports[`should not register a user when email already exists 1`] = `
{
  "RegisterUserMutation": {
    "error": "This email has been registered. Please try again!",
    "me": "EMPTY",
    "token": "EMPTY",
  },
}
`;

exports[`should register a user 1`] = `
{
  "RegisterUserMutation": {
    "error": "EMPTY",
    "me": {
      "email": "test@test.com",
      "id": "FROZEN-ID",
      "name": "test",
    },
    "token": "eyJhbGciOiJIUzI1NiIsInR5cCI6IkpXVCJ9.eyJpYXQiOjE2NjQ2MzgwNTl9.l0rCcqhFFsW2ibZPSlb_F2ihCPiTdxrXwOCtdvuyRX4",
  },
}
`;
